ref.out
3,4c3,4
< ra:  00000000 sp:  00000000 t0:  00000000 t1:  00000000 t2:  00000000 s0:  00000000 s1:  00000000 a0:  0ffff000 PC:  00000008 inst:  00000000 Time_Step:  0002
< ra:  00000000 sp:  00000000 t0:  0ffff004 t1:  00000000 t2:  00000000 s0:  00000000 s1:  00000000 a0:  0ffff000 PC:  0000000c inst:  00000000 Time_Step:  0003
---
> ra:  00000000 sp:  00000000 t0:  00000000 t1:  00000000 t2:  00000000 s0:  00000000 s1:  00000000 a0:  0000ffff PC:  00000008 inst:  00000000 Time_Step:  0002
> ra:  00000000 sp:  00000000 t0:  00010003 t1:  00000000 t2:  00000000 s0:  00000000 s1:  00000000 a0:  0000ffff PC:  0000000c inst:  00000000 Time_Step:  0003
