ra:  xxxx sp:   t0:   t1:   t2:   s0:   s1:   a0:   PC:   inst:   Time_Step:  
ra:  xxxxxxx sp:   t0:   t1:   t2:   s0:   s1:   a0:   PC:   inst:   Time_Step:  
