ra:  00000000 sp:  00000000 t0:  00000000 t1:  00000000 t2:  00000000 s0:  00000000 s1:  00000000 a0:  00000000 PC:  00000000 inst:  00428293 Time_Step:  0000
ra:  00000000 sp:  00000000 t0:  00000000 t1:  00000000 t2:  00000000 s0:  00000000 s1:  00000000 a0:  00000000 PC:  00000004 inst:  00340413 Time_Step:  0001
ra:  00000000 sp:  00000000 t0:  00000004 t1:  00000000 t2:  00000000 s0:  00000000 s1:  00000000 a0:  00000000 PC:  00000008 inst:  00228293 Time_Step:  0002
ra:  00000000 sp:  00000000 t0:  00000004 t1:  00000000 t2:  00000000 s0:  00000003 s1:  00000000 a0:  00000000 PC:  0000000c inst:  fff40413 Time_Step:  0003
ra:  00000000 sp:  00000000 t0:  00000006 t1:  00000000 t2:  00000000 s0:  00000003 s1:  00000000 a0:  00000000 PC:  00000010 inst:  fe045ce3 Time_Step:  0004
ra:  00000000 sp:  00000000 t0:  00000006 t1:  00000000 t2:  00000000 s0:  00000002 s1:  00000000 a0:  00000000 PC:  00000014 inst:  00000000 Time_Step:  0005
ra:  00000000 sp:  00000000 t0:  00000006 t1:  00000000 t2:  00000000 s0:  00000002 s1:  00000000 a0:  00000000 PC:  00000008 inst:  00228293 Time_Step:  0006
ra:  00000000 sp:  00000000 t0:  00000006 t1:  00000000 t2:  00000000 s0:  00000002 s1:  00000000 a0:  00000000 PC:  0000000c inst:  fff40413 Time_Step:  0007
ra:  00000000 sp:  00000000 t0:  00000008 t1:  00000000 t2:  00000000 s0:  00000002 s1:  00000000 a0:  00000000 PC:  00000010 inst:  fe045ce3 Time_Step:  0008
ra:  00000000 sp:  00000000 t0:  00000008 t1:  00000000 t2:  00000000 s0:  00000001 s1:  00000000 a0:  00000000 PC:  00000014 inst:  00000000 Time_Step:  0009
ra:  00000000 sp:  00000000 t0:  00000008 t1:  00000000 t2:  00000000 s0:  00000001 s1:  00000000 a0:  00000000 PC:  00000008 inst:  00228293 Time_Step:  000a
ra:  00000000 sp:  00000000 t0:  00000008 t1:  00000000 t2:  00000000 s0:  00000001 s1:  00000000 a0:  00000000 PC:  0000000c inst:  fff40413 Time_Step:  000b
ra:  00000000 sp:  00000000 t0:  0000000a t1:  00000000 t2:  00000000 s0:  00000001 s1:  00000000 a0:  00000000 PC:  00000010 inst:  fe045ce3 Time_Step:  000c
ra:  00000000 sp:  00000000 t0:  0000000a t1:  00000000 t2:  00000000 s0:  00000000 s1:  00000000 a0:  00000000 PC:  00000014 inst:  00000000 Time_Step:  000d
ra:  00000000 sp:  00000000 t0:  0000000a t1:  00000000 t2:  00000000 s0:  00000000 s1:  00000000 a0:  00000000 PC:  00000018 inst:  00000000 Time_Step:  000e
ra:  00000000 sp:  00000000 t0:  0000000a t1:  00000000 t2:  00000000 s0:  00000000 s1:  00000000 a0:  00000000 PC:  0000001c inst:  00000000 Time_Step:  000f
ra:  00000000 sp:  00000000 t0:  0000000a t1:  00000000 t2:  00000000 s0:  00000000 s1:  00000000 a0:  00000000 PC:  00000020 inst:  00000000 Time_Step:  0010
ra:  00000000 sp:  00000000 t0:  0000000a t1:  00000000 t2:  00000000 s0:  00000000 s1:  00000000 a0:  00000000 PC:  00000024 inst:  00000000 Time_Step:  0011
ra:  00000000 sp:  00000000 t0:  0000000a t1:  00000000 t2:  00000000 s0:  00000000 s1:  00000000 a0:  00000000 PC:  00000028 inst:  00000000 Time_Step:  0012
